// Jest Snapshot v1, https://goo.gl/fbAQLP

exports[`components Search= should render self and subcomponents 1`] = `
<styled.div
  data-loading={false}
>
  <styled.input
    onChange={[Function]}
    onKeyPress={[Function]}
    placeholder="Enter text to search"
    type="text"
  />
</styled.div>
`;

exports[`components pagination= should render self and subcomponents 1`] = `
<styled.button
  disabled={false}
  onClick={[Function]}
>
  Load More
</styled.button>
`;

exports[`components pagination=> should render self and subcomponents 1`] = `
<styled.button
  disabled={false}
  onClick={[Function]}
>
  Load More
</styled.button>
`;
